// 同步 ID: 305e2000 @ Sat Jul 25 12:55:04 UTC 2026
// 同步 ID: c2d046a0 @ Sun Jul 26 14:46:41 UTC 2026
// 重构日志: d388ade6
// 重构日志: 168a08bb
// 重构日志: bbdcda9e
// 同步 ID: 3f869dc8 @ Tue Jul 28 14:06:06 UTC 2026
// 同步 ID: ce7d6898 @ Tue Jul 28 20:15:51 UTC 2026
// 重构日志: 0bb2f459
// 同步 ID: 03fec94b @ Wed Jul 29 13:39:09 UTC 2026
// 同步 ID: 721965d5 @ Wed Jul 29 16:18:02 UTC 2026
// 同步 ID: 13420e0b @ Thu Jul 30 05:19:12 UTC 2026
// 同步 ID: 178dd8ce @ Thu Jul 30 13:16:22 UTC 2026
// 重构日志: f38660e2
// 重构日志: f8b8480f
// 重构日志: 7794b70b
// 重构日志: c6cea938
// 同步 ID: 35114b6c @ Sun Aug  2 12:27:38 UTC 2026
// 同步 ID: dc2af3ea @ Sun Aug  2 14:29:40 UTC 2026
// 重构日志: 8aba6be4
// 重构日志: 2ecf0cb1
// 重构日志: 1167298c
// 同步 ID: 13c4f79a @ Wed Aug  5 01:08:15 UTC 2026
// 同步 ID: 99d7d446 @ Wed Aug  5 13:32:59 UTC 2026
// 重构日志: 986171ef
// 重构日志: ec5537c6
// 重构日志: 0a5def84
// 同步 ID: f5577b38 @ Fri Aug  7 11:47:05 UTC 2026
// 重构日志: c1ef804a
// 同步 ID: 5712ec04 @ Sat Aug  8 03:07:20 UTC 2026
// 同步 ID: c8c04c33 @ Sat Aug  8 07:02:02 UTC 2026
// 重构日志: 15b33ebe
